// Jest Snapshot v1, https://goo.gl/fbAQLP

exports[`ui/fetch-more renders fetch more 1`] = `
<button
  className="wrapper"
  onClick={[MockFunction]}
>
  Fetch more
</button>
`;
